SENT BY: "xkcd.com" <user@rss2email.invalid>
MIME-Version: 1.0
Content-Type: text/plain; charset="us-ascii"
Content-Transfer-Encoding: 7bit
From: "xkcd.com" <user@rss2email.invalid>
To: a@b.com
Subject: Flowchart
Date: Fri, 05 Apr 2013 00:00:00 -0000
Message-ID: <...@dev.null.invalid>
User-Agent: rss2email/...
X-RSS-Feed: xkcd/feed.atom
X-RSS-ID: http://xkcd.com/1195/
X-RSS-URL: http://xkcd.com/1195/

![The way out is to use the marker you have to add a box that says 'get a
marker' to the line between you and 'start', then add a 'no' line from the
trap box to 'end'.](http://imgs.xkcd.com/comics/flowchart.png)



URL: http://xkcd.com/1195/

SENT BY: "xkcd.com" <user@rss2email.invalid>
MIME-Version: 1.0
Content-Type: text/plain; charset="us-ascii"
Content-Transfer-Encoding: 7bit
From: "xkcd.com" <user@rss2email.invalid>
To: a@b.com
Subject: Subways
Date: Mon, 08 Apr 2013 00:00:00 -0000
Message-ID: <...@dev.null.invalid>
User-Agent: rss2email/...
X-RSS-Feed: xkcd/feed.atom
X-RSS-ID: http://xkcd.com/1196/
X-RSS-URL: http://xkcd.com/1196/

![About one in three North American subway stops are in
NYC.](http://imgs.xkcd.com/comics/subways.png)



URL: http://xkcd.com/1196/

SENT BY: "xkcd.com" <user@rss2email.invalid>
MIME-Version: 1.0
Content-Type: text/plain; charset="us-ascii"
Content-Transfer-Encoding: 7bit
From: "xkcd.com" <user@rss2email.invalid>
To: a@b.com
Subject: All Adobe Updates
Date: Wed, 10 Apr 2013 00:00:00 -0000
Message-ID: <...@dev.null.invalid>
User-Agent: rss2email/...
X-RSS-Feed: xkcd/feed.atom
X-RSS-ID: http://xkcd.com/1197/
X-RSS-URL: http://xkcd.com/1197/

![ALERT: Some pending mandatory software updates require version 21.1.2 of the
Oracle/Sun Java(tm) JDK(tm) Update Manager Runtime Environment Meta-Updater,
which is not available for your
platform.](http://imgs.xkcd.com/comics/all_adobe_updates.png)



URL: http://xkcd.com/1197/

SENT BY: "xkcd.com" <user@rss2email.invalid>
MIME-Version: 1.0
Content-Type: text/plain; charset="us-ascii"
Content-Transfer-Encoding: 7bit
From: "xkcd.com" <user@rss2email.invalid>
To: a@b.com
Subject: Geologist
Date: Fri, 12 Apr 2013 00:00:00 -0000
Message-ID: <...@dev.null.invalid>
User-Agent: rss2email/...
X-RSS-Feed: xkcd/feed.atom
X-RSS-ID: http://xkcd.com/1198/
X-RSS-URL: http://xkcd.com/1198/

!['It seems like it's still alive, Professor.' 'Yeah, a big one like this can
keep running around for a few billion years after you remove the
head."](http://imgs.xkcd.com/comics/geologist.png)



URL: http://xkcd.com/1198/
