SENT BY: "xkcd.com" <user@rss2email.invalid>
MIME-Version: 1.0
Content-Type: text/html; charset="us-ascii"
Content-Transfer-Encoding: 7bit
From: "xkcd.com" <user@rss2email.invalid>
To: a@b.com
Subject: Flowchart
Date: Fri, 05 Apr 2013 00:00:00 -0000
Message-ID: <bf161672-e417-41c9-a611-1193a0d9f88d@dev.null.invalid>
User-Agent: rss2email/...
X-RSS-Feed: xkcd/feed.atom
X-RSS-ID: http://xkcd.com/1195/
X-RSS-URL: http://xkcd.com/1195/

<!DOCTYPE html>
<html>
  <head>
</head>
<body>
<div id="entry>
<h1 class="header"><a href="http://xkcd.com/1195/">Flowchart</a></h1>
<div id="body">
<img alt="The way out is to use the marker you have to add a box that says 'get a marker' to the line between you and 'start', then add a 'no' line from the trap box to 'end'." src="http://imgs.xkcd.com/comics/flowchart.png" title="The way out is to use the marker you have to add a box that says 'get a marker' to the line between you and 'start', then add a 'no' line from the trap box to 'end'." />
</div>
<div class="footer"><p>URL: <a href="http://xkcd.com/1195/">http://xkcd.com/1195/</a></p>
</div>
</div>
</body>
</html>


SENT BY: "xkcd.com" <user@rss2email.invalid>
MIME-Version: 1.0
Content-Type: text/html; charset="us-ascii"
Content-Transfer-Encoding: 7bit
From: "xkcd.com" <user@rss2email.invalid>
To: a@b.com
Subject: Subways
Date: Mon, 08 Apr 2013 00:00:00 -0000
Message-ID: <fee8ed30-15de-4e6b-ab12-4eda45035501@dev.null.invalid>
User-Agent: rss2email/...
X-RSS-Feed: xkcd/feed.atom
X-RSS-ID: http://xkcd.com/1196/
X-RSS-URL: http://xkcd.com/1196/

<!DOCTYPE html>
<html>
  <head>
</head>
<body>
<div id="entry>
<h1 class="header"><a href="http://xkcd.com/1196/">Subways</a></h1>
<div id="body">
<img alt="About one in three North American subway stops are in NYC." src="http://imgs.xkcd.com/comics/subways.png" title="About one in three North American subway stops are in NYC." />
</div>
<div class="footer"><p>URL: <a href="http://xkcd.com/1196/">http://xkcd.com/1196/</a></p>
</div>
</div>
</body>
</html>


SENT BY: "xkcd.com" <user@rss2email.invalid>
MIME-Version: 1.0
Content-Type: text/html; charset="us-ascii"
Content-Transfer-Encoding: 7bit
From: "xkcd.com" <user@rss2email.invalid>
To: a@b.com
Subject: All Adobe Updates
Date: Wed, 10 Apr 2013 00:00:00 -0000
Message-ID: <b4156cdb-0a25-4805-a406-a1eb3555cb96@dev.null.invalid>
User-Agent: rss2email/...
X-RSS-Feed: xkcd/feed.atom
X-RSS-ID: http://xkcd.com/1197/
X-RSS-URL: http://xkcd.com/1197/

<!DOCTYPE html>
<html>
  <head>
</head>
<body>
<div id="entry>
<h1 class="header"><a href="http://xkcd.com/1197/">All Adobe Updates</a></h1>
<div id="body">
<img alt="ALERT: Some pending mandatory software updates require version 21.1.2 of the Oracle/Sun Java(tm) JDK(tm) Update Manager Runtime Environment Meta-Updater, which is not available for your platform." src="http://imgs.xkcd.com/comics/all_adobe_updates.png" title="ALERT: Some pending mandatory software updates require version 21.1.2 of the Oracle/Sun Java(tm) JDK(tm) Update Manager Runtime Environment Meta-Updater, which is not available for your platform." />
</div>
<div class="footer"><p>URL: <a href="http://xkcd.com/1197/">http://xkcd.com/1197/</a></p>
</div>
</div>
</body>
</html>


SENT BY: "xkcd.com" <user@rss2email.invalid>
MIME-Version: 1.0
Content-Type: text/html; charset="us-ascii"
Content-Transfer-Encoding: 7bit
From: "xkcd.com" <user@rss2email.invalid>
To: a@b.com
Subject: Geologist
Date: Fri, 12 Apr 2013 00:00:00 -0000
Message-ID: <7c3318e5-dc25-45ab-bc4e-826c546f3d35@dev.null.invalid>
User-Agent: rss2email/...
X-RSS-Feed: xkcd/feed.atom
X-RSS-ID: http://xkcd.com/1198/
X-RSS-URL: http://xkcd.com/1198/

<!DOCTYPE html>
<html>
  <head>
</head>
<body>
<div id="entry>
<h1 class="header"><a href="http://xkcd.com/1198/">Geologist</a></h1>
<div id="body">
<img alt="'It seems like it's still alive, Professor.' 'Yeah, a big one like this can keep running around for a few billion years after you remove the head.&quot;" src="http://imgs.xkcd.com/comics/geologist.png" title="'It seems like it's still alive, Professor.' 'Yeah, a big one like this can keep running around for a few billion years after you remove the head.&quot;" />
</div>
<div class="footer"><p>URL: <a href="http://xkcd.com/1198/">http://xkcd.com/1198/</a></p>
</div>
</div>
</body>
</html>

