\BOOKMARK [0][-]{chapter.1}{Part 1}{}% 1
\BOOKMARK [0][-]{chapter.2}{References}{}% 2
\BOOKMARK [0][-]{chapter*.4}{Bibliography}{}% 3
